// Jest Snapshot v1, https://goo.gl/fbAQLP

exports[`renders correctly 1`] = `
<li
  className="self"
>
  <div
    className="message"
  >
    <p>
      Uola
    </p>
  </div>
</li>
`;
